---
source: crates/twr-cli/tests/markdown_snapshot.rs
expression: normalised
---
# Faction War Contribution Report

Generated: <FIXED>
Reference time: 2026-05-01T00:00:00Z

## Wars analyzed

| War | Date (UTC) | Days ago | Participants | Low threshold |
|---|---|---|---|---|
| TM vs Alpha | 2026-01-01T00:00:00Z | 120 | 20 | 1600.0 |
| TM vs Beta | 2026-02-01T00:00:00Z | 89 | 20 | 2040.0 |
| TM vs Gamma | 2026-03-01T00:00:00Z | 61 | 20 | 2060.0 |
| TM vs Delta | 2026-04-01T00:00:00Z | 30 | 19 | 2400.0 |

## Methodology

A member is considered **present** for a given war when their tenure in the faction (`Days`) is strictly greater than the number of integer days between the war's UTC start time and the report's reference time. For each war we compute a **low-points threshold** as the configured percentile (default 20th) of the points scored by present members who scored at least one point, using linear interpolation. A member's war-participation is then classified as one of:

- **Zero** — present but scored 0 points
- **Low** — present and scored at or below the low threshold
- **Ok** — present and scored above the low threshold
- **Excluded** — not present (insufficient tenure or absent from the war CSV)

Rollup lists are derived from the per-member counts and the optional activity feed.

## ⚠ Warnings (4)

| Kind | Source | Context | Detail |
|---|---|---|---|
| MalformedRow | <FIXTURES>/TM_vs_Delta_2026-04-01T00-00-00Z.csv | row 21 | Points not numeric for `BadRow`: invalid digit found in string |
| MissingActivityRecord | analysis | Ghost1 | member `Ghost1` appears in war `TM vs Delta` but has no activity record; they have likely left or been kicked since that war and will be excluded from all reports |
| InsufficientTenure | analysis | Trent | member `Trent` has Days=5 (< min_days=7); excluded from activity analysis |
| InsufficientTenure | analysis | Uma | member `Uma` has Days=3 (< min_days=7); excluded from activity analysis |

## 🚨 Auto-Kick List (5 members)

| Member | Days | Present | Zero | Low | Poor | Avg Pts | avgE30 |
|---|---|---|---|---|---|---|---|
| Carol | 150 | 4 | 2 | 2 | 4 | 1075.0 | 800.0 |
| Ruth | 160 | 4 | 4 | 0 | 4 | 0 | 690.0 |
| Zane | 440 | 4 | 4 | 0 | 4 | 0 | 1700.0 |
| Blair | 75 | 2 | 2 | 0 | 2 | 0 | 460.0 |
| Cory | 135 | 4 | 4 | 0 | 4 | 0 | 620.0 |

## Repeat Offenders (10 members)

| Member | Days | Present | Zero | Low | Poor | Avg Pts | avgE30 |
|---|---|---|---|---|---|---|---|
| Carol | 150 | 4 | 2 | 2 | 4 | 1075.0 | 800.0 |
| Heidi | 180 | 4 | 1 | 3 | 4 | 1200.0 | 700.0 |
| Mallory | 170 | 4 | 1 | 3 | 4 | 1000.0 | 720.0 |
| Niaj | 100 | 3 | 1 | 2 | 3 | 1950.0 | 550.0 |
| Ruth | 160 | 4 | 4 | 0 | 4 | 0 | 690.0 |
| Sybil | 110 | 3 | 1 | 1 | 2 | 2050.0 | 580.0 |
| Xavier | 140 | 4 | 1 | 3 | 4 | 1700.0 | 640.0 |
| Zane | 440 | 4 | 4 | 0 | 4 | 0 | 1700.0 |
| Blair | 75 | 2 | 2 | 0 | 2 | 0 | 460.0 |
| Cory | 135 | 4 | 4 | 0 | 4 | 0 | 620.0 |

## Low Activity — avgE30 < 750 (14 members)

| Member | Days | avgE30 | Present | Zero | Low | Avg Pts |
|---|---|---|---|---|---|---|
| Dave | 90 | 500.0 | 3 | 0 | 0 | 2700.0 |
| Eve | 45 | 400.0 | 1 | 0 | 1 | 400.0 |
| Heidi | 180 | 700.0 | 4 | 1 | 3 | 1200.0 |
| Ivan | 120 | 600.0 | 3 | 0 | 1 | 2200.0 |
| Judy | 60 | 300.0 | 1 | 1 | 0 | 0 |
| Mallory | 170 | 720.0 | 4 | 1 | 3 | 1000.0 |
| Niaj | 100 | 550.0 | 3 | 1 | 2 | 1950.0 |
| Olivia | 30 | 200.0 | 0 | 0 | 0 | 0 |
| Ruth | 160 | 690.0 | 4 | 4 | 0 | 0 |
| Sybil | 110 | 580.0 | 3 | 1 | 1 | 2050.0 |
| Xavier | 140 | 640.0 | 4 | 1 | 3 | 1700.0 |
| Yara | 55 | 280.0 | 1 | 1 | 0 | 0 |
| Blair | 75 | 460.0 | 2 | 2 | 0 | 0 |
| Cory | 135 | 620.0 | 4 | 4 | 0 | 0 |

## 🚨 Combined Kick List (8 members)

| Member | Days | avgE30 | Poor | Zero | Low | Avg Pts | Auto-Kick |
|---|---|---|---|---|---|---|---|
| Heidi | 180 | 700.0 | 4 | 1 | 3 | 1200.0 | no |
| Mallory | 170 | 720.0 | 4 | 1 | 3 | 1000.0 | no |
| Niaj | 100 | 550.0 | 3 | 1 | 2 | 1950.0 | no |
| Ruth | 160 | 690.0 | 4 | 4 | 0 | 0 | yes |
| Sybil | 110 | 580.0 | 2 | 1 | 1 | 2050.0 | no |
| Xavier | 140 | 640.0 | 4 | 1 | 3 | 1700.0 | no |
| Blair | 75 | 460.0 | 2 | 2 | 0 | 0 | yes |
| Cory | 135 | 620.0 | 4 | 4 | 0 | 0 | yes |
